// Vitest Snapshot v1, https://vitest.dev/guide/snapshot.html

exports[`Counter.vue  > should to snapshot match 1`] = `
"<h2>Counter2</h2>
<p>3 <sup>2</sup> = 9</p>
<button>+</button>
<button>-</button>"
`;
